// Jest Snapshot v1, https://goo.gl/fbAQLP

exports[`Poll Component renders correctly 1`] = `
<div
  className="MuiPaper-root MuiCard-root MuiPaper-elevation1 MuiPaper-rounded"
  sx={
    Object {
      "minWidth": 275,
    }
  }
>
  <div
    className="MuiCardContent-root"
  >
    <p
      className="MuiTypography-root MuiTypography-body1 MuiTypography-gutterBottom"
      sx={
        Object {
          "fontSize": 14,
        }
      }
    >
      Description: 
    </p>
    <p
      className="MuiTypography-root MuiTypography-body1 MuiTypography-gutterBottom"
      sx={
        Object {
          "fontSize": 14,
        }
      }
    >
      Option 1: 
      , with 
       votes so far
    </p>
    <p
      className="MuiTypography-root MuiTypography-body1 MuiTypography-gutterBottom"
      sx={
        Object {
          "fontSize": 14,
        }
      }
    >
      Option 2: 
      , with 
       votes so far
    </p>
    <p
      className="MuiTypography-root MuiTypography-body1 MuiTypography-gutterBottom"
      sx={
        Object {
          "fontSize": 14,
        }
      }
    >
      Option 3: 
      , with 
       votes so far
    </p>
    <p
      className="MuiTypography-root MuiTypography-body1 MuiTypography-gutterBottom"
      sx={
        Object {
          "fontSize": 14,
        }
      }
    >
      Option 4: 
      , with 
       votes so far
    </p>
  </div>
  <div
    className="MuiCardActions-root MuiCardActions-spacing"
  >
    <div
      className="MuiFormControl-root"
    >
      <div
        className="MuiInputBase-root MuiInput-root MuiInput-underline MuiInputBase-formControl MuiInput-formControl"
        onClick={[Function]}
      >
        <div
          aria-haspopup="listbox"
          aria-label="Without label"
          className="MuiSelect-root MuiSelect-select MuiSelect-selectMenu MuiInputBase-input MuiInput-input"
          onBlur={[Function]}
          onFocus={[Function]}
          onKeyDown={[Function]}
          onMouseDown={[Function]}
          role="button"
          tabIndex={0}
        >
          <span
            dangerouslySetInnerHTML={
              Object {
                "__html": "&#8203;",
              }
            }
          />
        </div>
        <input
          aria-hidden={true}
          className="MuiSelect-nativeInput"
          onAnimationStart={[Function]}
          onChange={[Function]}
          required={false}
          tabIndex={-1}
        />
        <svg
          aria-hidden={true}
          className="MuiSvgIcon-root MuiSelect-icon"
          focusable="false"
          viewBox="0 0 24 24"
        >
          <path
            d="M7 10l5 5 5-5z"
          />
        </svg>
      </div>
      <p
        className="MuiFormHelperText-root"
      >
        Placeholder
      </p>
    </div>
    <div>
      <button
        className="MuiButtonBase-root MuiButton-root MuiButton-text"
        disabled={false}
        onBlur={[Function]}
        onClick={[Function]}
        onDragLeave={[Function]}
        onFocus={[Function]}
        onKeyDown={[Function]}
        onKeyUp={[Function]}
        onMouseDown={[Function]}
        onMouseLeave={[Function]}
        onMouseUp={[Function]}
        onTouchEnd={[Function]}
        onTouchMove={[Function]}
        onTouchStart={[Function]}
        tabIndex={0}
        type="button"
      >
        <span
          className="MuiButton-label"
        >
          Submit
        </span>
      </button>
    </div>
  </div>
</div>
`;
