// Jest Snapshot v1, https://goo.gl/fbAQLP

exports[`Filter Component renders correctly 1`] = `
<div
  className="MuiFormControl-root"
  style={
    Object {
      "minWidth": 300,
    }
  }
>
  <label
    className="MuiFormLabel-root MuiInputLabel-root MuiInputLabel-formControl MuiInputLabel-animated MuiInputLabel-filled"
    data-shrink={false}
    id="sort"
  >
    Filter by:
  </label>
  <div
    className="MuiInputBase-root MuiFilledInput-root MuiFilledInput-underline MuiInputBase-formControl"
    onClick={[Function]}
  >
    <div
      aria-haspopup="listbox"
      aria-labelledby="sortBySelector sortBySelector"
      className="MuiSelect-root MuiSelect-select MuiSelect-selectMenu MuiSelect-filled MuiInputBase-input MuiFilledInput-input"
      id="sortBySelector"
      onBlur={[Function]}
      onFocus={[Function]}
      onKeyDown={[Function]}
      onMouseDown={[Function]}
      role="button"
      tabIndex={0}
    >
      <span
        dangerouslySetInnerHTML={
          Object {
            "__html": "&#8203;",
          }
        }
      />
    </div>
    <input
      aria-hidden={true}
      className="MuiSelect-nativeInput"
      onAnimationStart={[Function]}
      onChange={[Function]}
      required={false}
      tabIndex={-1}
    />
    <svg
      aria-hidden={true}
      className="MuiSvgIcon-root MuiSelect-icon MuiSelect-iconFilled"
      focusable="false"
      viewBox="0 0 24 24"
    >
      <path
        d="M7 10l5 5 5-5z"
      />
    </svg>
  </div>
</div>
`;
