// Jest Snapshot v1, https://goo.gl/fbAQLP

exports[`Message Component renders correctly 1`] = `
<div
  className="MuiPaper-root MuiCard-root MuiPaper-elevation1 MuiPaper-rounded"
  sx={
    Object {
      "minWidth": 275,
    }
  }
>
  <div
    className="MuiCardContent-root"
  >
    <p
      className="MuiTypography-root MuiTypography-body1 MuiTypography-gutterBottom"
      sx={
        Object {
          "fontSize": 14,
        }
      }
    >
      From: 
    </p>
    <div
      className="MuiTypography-root"
    >
      Topic: 
    </div>
    <br />
    <p
      className="MuiTypography-root MuiTypography-body2"
    >
      Content: 
      <br />
    </p>
  </div>
</div>
`;
